../Core/Src/main.c:110:5:main	88	static
../Core/Src/main.c:208:6:SystemClock_Config	104	static
../Core/Src/main.c:254:13:MX_I2C1_Init	8	static
../Core/Src/main.c:302:13:MX_USART2_UART_Init	8	static
../Core/Src/main.c:335:13:MX_DMA_Init	16	static
../Core/Src/main.c:353:13:MX_GPIO_Init	56	static
../Core/Src/main.c:382:6:pause_sec	32	static
../Core/Src/main.c:400:9:decToBcd	24	static
../Core/Src/main.c:411:5:bcdToDec	16	static
../Core/Src/main.c:424:6:setTime	48	static
../Core/Src/main.c:450:6:getTime	32	static
../Core/Src/main.c:478:5:epochFromTime	48	static
../Core/Src/main.c:570:6:Error_Handler	8	static,ignoring_inline_asm
